Archive member included because of file (symbol)

C:\Users\vasil\Desktop\Eclipse work\usart\Release\libusart.a(usart.o)
                              ./main.o (usartInit)
d:/winavr/bin/../lib/gcc/avr/4.3.3/avr5\libgcc.a(_udivmodsi4.o)
                              C:\Users\vasil\Desktop\Eclipse work\usart\Release\libusart.a(usart.o) (__udivmodsi4)
d:/winavr/bin/../lib/gcc/avr/4.3.3/avr5\libgcc.a(_exit.o)
                              d:/winavr/bin/../lib/gcc/avr/4.3.3/../../../../avr/lib/avr5/crtm328p.o (exit)
d:/winavr/bin/../lib/gcc/avr/4.3.3/avr5\libgcc.a(_copy_data.o)
                              ./main.o (__do_copy_data)
d:/winavr/bin/../lib/gcc/avr/4.3.3/avr5\libgcc.a(_clear_bss.o)
                              C:\Users\vasil\Desktop\Eclipse work\usart\Release\libusart.a(usart.o) (__do_clear_bss)

Allocating common symbols
Common symbol       size              file

Rx_Buffer           0x40              C:\Users\vasil\Desktop\Eclipse work\usart\Release\libusart.a(usart.o)

Memory Configuration

Name             Origin             Length             Attributes
text             0x00000000         0x00020000         xr
data             0x00800060         0x0000ffa0         rw !x
eeprom           0x00810000         0x00010000         rw !x
fuse             0x00820000         0x00000400         rw !x
lock             0x00830000         0x00000400         rw !x
signature        0x00840000         0x00000400         rw !x
*default*        0x00000000         0xffffffff

Linker script and memory map

Address of section .data set to 0x800100
LOAD d:/winavr/bin/../lib/gcc/avr/4.3.3/../../../../avr/lib/avr5/crtm328p.o
LOAD ./main.o
LOAD C:\Users\vasil\Desktop\Eclipse work\usart\Release\libusart.a
LOAD d:/winavr/bin/../lib/gcc/avr/4.3.3/avr5\libgcc.a
LOAD d:/winavr/bin/../lib/gcc/avr/4.3.3/../../../../avr/lib/avr5\libc.a
LOAD d:/winavr/bin/../lib/gcc/avr/4.3.3/avr5\libgcc.a

.hash
 *(.hash)

.dynsym
 *(.dynsym)

.dynstr
 *(.dynstr)

.gnu.version
 *(.gnu.version)

.gnu.version_d
 *(.gnu.version_d)

.gnu.version_r
 *(.gnu.version_r)

.rel.init
 *(.rel.init)

.rela.init
 *(.rela.init)

.rel.text
 *(.rel.text)
 *(.rel.text.*)
 *(.rel.gnu.linkonce.t*)

.rela.text
 *(.rela.text)
 *(.rela.text.*)
 *(.rela.gnu.linkonce.t*)

.rel.fini
 *(.rel.fini)

.rela.fini
 *(.rela.fini)

.rel.rodata
 *(.rel.rodata)
 *(.rel.rodata.*)
 *(.rel.gnu.linkonce.r*)

.rela.rodata
 *(.rela.rodata)
 *(.rela.rodata.*)
 *(.rela.gnu.linkonce.r*)

.rel.data
 *(.rel.data)
 *(.rel.data.*)
 *(.rel.gnu.linkonce.d*)

.rela.data
 *(.rela.data)
 *(.rela.data.*)
 *(.rela.gnu.linkonce.d*)

.rel.ctors
 *(.rel.ctors)

.rela.ctors
 *(.rela.ctors)

.rel.dtors
 *(.rel.dtors)

.rela.dtors
 *(.rela.dtors)

.rel.got
 *(.rel.got)

.rela.got
 *(.rela.got)

.rel.bss
 *(.rel.bss)

.rela.bss
 *(.rela.bss)

.rel.plt
 *(.rel.plt)

.rela.plt
 *(.rela.plt)

.text           0x00000000      0x3f0
 *(.vectors)
 .vectors       0x00000000       0x68 d:/winavr/bin/../lib/gcc/avr/4.3.3/../../../../avr/lib/avr5/crtm328p.o
                0x00000000                __vectors
                0x00000000                __vector_default
 *(.vectors)
 *(.progmem.gcc*)
 *(.progmem*)
                0x00000068                . = ALIGN (0x2)
                0x00000068                __trampolines_start = .
 *(.trampolines)
 .trampolines   0x00000068        0x0 linker stubs
 *(.trampolines*)
                0x00000068                __trampolines_end = .
 *(.jumptables)
 *(.jumptables*)
 *(.lowtext)
 *(.lowtext*)
                0x00000068                __ctors_start = .
 *(.ctors)
                0x00000068                __ctors_end = .
                0x00000068                __dtors_start = .
 *(.dtors)
                0x00000068                __dtors_end = .
 SORT(*)(.ctors)
 SORT(*)(.dtors)
 *(.init0)
 .init0         0x00000068        0x0 d:/winavr/bin/../lib/gcc/avr/4.3.3/../../../../avr/lib/avr5/crtm328p.o
                0x00000068                __init
 *(.init0)
 *(.init1)
 *(.init1)
 *(.init2)
 .init2         0x00000068        0xc d:/winavr/bin/../lib/gcc/avr/4.3.3/../../../../avr/lib/avr5/crtm328p.o
 *(.init2)
 *(.init3)
 *(.init3)
 *(.init4)
 .init4         0x00000074       0x16 d:/winavr/bin/../lib/gcc/avr/4.3.3/avr5\libgcc.a(_copy_data.o)
                0x00000074                __do_copy_data
 .init4         0x0000008a       0x10 d:/winavr/bin/../lib/gcc/avr/4.3.3/avr5\libgcc.a(_clear_bss.o)
                0x0000008a                __do_clear_bss
 *(.init4)
 *(.init5)
 *(.init5)
 *(.init6)
 *(.init6)
 *(.init7)
 *(.init7)
 *(.init8)
 *(.init8)
 *(.init9)
 .init9         0x0000009a        0x8 d:/winavr/bin/../lib/gcc/avr/4.3.3/../../../../avr/lib/avr5/crtm328p.o
 *(.init9)
 *(.text)
 .text          0x000000a2        0x4 d:/winavr/bin/../lib/gcc/avr/4.3.3/../../../../avr/lib/avr5/crtm328p.o
                0x000000a2                __vector_22
                0x000000a2                __vector_1
                0x000000a2                __vector_24
                0x000000a2                __vector_12
                0x000000a2                __bad_interrupt
                0x000000a2                __vector_6
                0x000000a2                __vector_3
                0x000000a2                __vector_23
                0x000000a2                __vector_25
                0x000000a2                __vector_11
                0x000000a2                __vector_13
                0x000000a2                __vector_17
                0x000000a2                __vector_19
                0x000000a2                __vector_7
                0x000000a2                __vector_5
                0x000000a2                __vector_4
                0x000000a2                __vector_9
                0x000000a2                __vector_2
                0x000000a2                __vector_21
                0x000000a2                __vector_15
                0x000000a2                __vector_8
                0x000000a2                __vector_14
                0x000000a2                __vector_10
                0x000000a2                __vector_16
                0x000000a2                __vector_20
 .text          0x000000a6        0x0 ./main.o
 .text          0x000000a6        0x0 C:\Users\vasil\Desktop\Eclipse work\usart\Release\libusart.a(usart.o)
 .text          0x000000a6        0x0 d:/winavr/bin/../lib/gcc/avr/4.3.3/avr5\libgcc.a(_udivmodsi4.o)
 .text          0x000000a6        0x0 d:/winavr/bin/../lib/gcc/avr/4.3.3/avr5\libgcc.a(_exit.o)
 .text          0x000000a6        0x0 d:/winavr/bin/../lib/gcc/avr/4.3.3/avr5\libgcc.a(_copy_data.o)
 .text          0x000000a6        0x0 d:/winavr/bin/../lib/gcc/avr/4.3.3/avr5\libgcc.a(_clear_bss.o)
                0x000000a6                . = ALIGN (0x2)
 *(.text.*)
 .text.main     0x000000a6       0x9e ./main.o
                0x000000a6                main
 .text.__vector_18
                0x00000144       0x58 C:\Users\vasil\Desktop\Eclipse work\usart\Release\libusart.a(usart.o)
                0x00000144                __vector_18
 .text.usartInit
                0x0000019c       0x40 C:\Users\vasil\Desktop\Eclipse work\usart\Release\libusart.a(usart.o)
                0x0000019c                usartInit
 .text.usartAvailable
                0x000001dc        0x6 C:\Users\vasil\Desktop\Eclipse work\usart\Release\libusart.a(usart.o)
                0x000001dc                usartAvailable
 .text.usartPutChar
                0x000001e2       0x10 C:\Users\vasil\Desktop\Eclipse work\usart\Release\libusart.a(usart.o)
                0x000001e2                usartPutChar
 .text.usartPutString
                0x000001f2       0x1a C:\Users\vasil\Desktop\Eclipse work\usart\Release\libusart.a(usart.o)
                0x000001f2                usartPutString
 .text.usartPutString_P
                0x0000020c       0x1e C:\Users\vasil\Desktop\Eclipse work\usart\Release\libusart.a(usart.o)
                0x0000020c                usartPutString_P
 .text.usartGetChar
                0x0000022a       0x38 C:\Users\vasil\Desktop\Eclipse work\usart\Release\libusart.a(usart.o)
                0x0000022a                usartGetChar
 .text.usartGetString
                0x00000262       0x3c C:\Users\vasil\Desktop\Eclipse work\usart\Release\libusart.a(usart.o)
                0x00000262                usartGetString
 .text.usartPeek
                0x0000029e       0x1a C:\Users\vasil\Desktop\Eclipse work\usart\Release\libusart.a(usart.o)
                0x0000029e                usartPeek
 .text.usartParseInt
                0x000002b8       0xf0 C:\Users\vasil\Desktop\Eclipse work\usart\Release\libusart.a(usart.o)
                0x000002b8                usartParseInt
 .text.libgcc   0x000003a8       0x44 d:/winavr/bin/../lib/gcc/avr/4.3.3/avr5\libgcc.a(_udivmodsi4.o)
                0x000003a8                __udivmodsi4
 .text.libgcc   0x000003ec        0x0 d:/winavr/bin/../lib/gcc/avr/4.3.3/avr5\libgcc.a(_exit.o)
 .text.libgcc   0x000003ec        0x0 d:/winavr/bin/../lib/gcc/avr/4.3.3/avr5\libgcc.a(_copy_data.o)
 .text.libgcc   0x000003ec        0x0 d:/winavr/bin/../lib/gcc/avr/4.3.3/avr5\libgcc.a(_clear_bss.o)
                0x000003ec                . = ALIGN (0x2)
 *(.fini9)
 .fini9         0x000003ec        0x0 d:/winavr/bin/../lib/gcc/avr/4.3.3/avr5\libgcc.a(_exit.o)
                0x000003ec                exit
                0x000003ec                _exit
 *(.fini9)
 *(.fini8)
 *(.fini8)
 *(.fini7)
 *(.fini7)
 *(.fini6)
 *(.fini6)
 *(.fini5)
 *(.fini5)
 *(.fini4)
 *(.fini4)
 *(.fini3)
 *(.fini3)
 *(.fini2)
 *(.fini2)
 *(.fini1)
 *(.fini1)
 *(.fini0)
 .fini0         0x000003ec        0x4 d:/winavr/bin/../lib/gcc/avr/4.3.3/avr5\libgcc.a(_exit.o)
 *(.fini0)
                0x000003f0                _etext = .

.data           0x00800100       0x3a load address 0x000003f0
                0x00800100                PROVIDE (__data_start, .)
 *(.data)
 .data          0x00800100        0x0 d:/winavr/bin/../lib/gcc/avr/4.3.3/../../../../avr/lib/avr5/crtm328p.o
 .data          0x00800100       0x39 ./main.o
 .data          0x00800139        0x0 C:\Users\vasil\Desktop\Eclipse work\usart\Release\libusart.a(usart.o)
 .data          0x00800139        0x0 d:/winavr/bin/../lib/gcc/avr/4.3.3/avr5\libgcc.a(_udivmodsi4.o)
 .data          0x00800139        0x0 d:/winavr/bin/../lib/gcc/avr/4.3.3/avr5\libgcc.a(_exit.o)
 .data          0x00800139        0x0 d:/winavr/bin/../lib/gcc/avr/4.3.3/avr5\libgcc.a(_copy_data.o)
 .data          0x00800139        0x0 d:/winavr/bin/../lib/gcc/avr/4.3.3/avr5\libgcc.a(_clear_bss.o)
 *(.data*)
 *(.rodata)
 *(.rodata*)
 *(.gnu.linkonce.d*)
                0x0080013a                . = ALIGN (0x2)
 *fill*         0x00800139        0x1 00
                0x0080013a                _edata = .
                0x0080013a                PROVIDE (__data_end, .)

.bss            0x0080013a       0x43
                0x0080013a                PROVIDE (__bss_start, .)
 *(.bss)
 .bss           0x0080013a        0x0 d:/winavr/bin/../lib/gcc/avr/4.3.3/../../../../avr/lib/avr5/crtm328p.o
 .bss           0x0080013a        0x0 ./main.o
 .bss           0x0080013a        0x0 C:\Users\vasil\Desktop\Eclipse work\usart\Release\libusart.a(usart.o)
 .bss           0x0080013a        0x0 d:/winavr/bin/../lib/gcc/avr/4.3.3/avr5\libgcc.a(_udivmodsi4.o)
 .bss           0x0080013a        0x0 d:/winavr/bin/../lib/gcc/avr/4.3.3/avr5\libgcc.a(_exit.o)
 .bss           0x0080013a        0x0 d:/winavr/bin/../lib/gcc/avr/4.3.3/avr5\libgcc.a(_copy_data.o)
 .bss           0x0080013a        0x0 d:/winavr/bin/../lib/gcc/avr/4.3.3/avr5\libgcc.a(_clear_bss.o)
 *(.bss*)
 .bss.Rx_Buffer_Size
                0x0080013a        0x1 C:\Users\vasil\Desktop\Eclipse work\usart\Release\libusart.a(usart.o)
                0x0080013a                Rx_Buffer_Size
 .bss.Rx_Buffer_First
                0x0080013b        0x1 C:\Users\vasil\Desktop\Eclipse work\usart\Release\libusart.a(usart.o)
                0x0080013b                Rx_Buffer_First
 .bss.Rx_Buffer_Last
                0x0080013c        0x1 C:\Users\vasil\Desktop\Eclipse work\usart\Release\libusart.a(usart.o)
                0x0080013c                Rx_Buffer_Last
 *(COMMON)
 COMMON         0x0080013d       0x40 C:\Users\vasil\Desktop\Eclipse work\usart\Release\libusart.a(usart.o)
                0x0080013d                Rx_Buffer
                0x0080017d                PROVIDE (__bss_end, .)
                0x000003f0                __data_load_start = LOADADDR (.data)
                0x0000042a                __data_load_end = (__data_load_start + SIZEOF (.data))

.noinit         0x0080017d        0x0
                0x0080017d                PROVIDE (__noinit_start, .)
 *(.noinit*)
                0x0080017d                PROVIDE (__noinit_end, .)
                0x0080017d                _end = .
                0x0080017d                PROVIDE (__heap_start, .)

.eeprom         0x00810000        0x0
 *(.eeprom*)
                0x00810000                __eeprom_end = .

.fuse
 *(.fuse)
 *(.lfuse)
 *(.hfuse)
 *(.efuse)

.lock
 *(.lock*)

.signature
 *(.signature*)

.stab
 *(.stab)

.stabstr
 *(.stabstr)

.stab.excl
 *(.stab.excl)

.stab.exclstr
 *(.stab.exclstr)

.stab.index
 *(.stab.index)

.stab.indexstr
 *(.stab.indexstr)

.comment
 *(.comment)

.debug
 *(.debug)

.line
 *(.line)

.debug_srcinfo
 *(.debug_srcinfo)

.debug_sfnames
 *(.debug_sfnames)

.debug_aranges
 *(.debug_aranges)

.debug_pubnames
 *(.debug_pubnames)

.debug_info
 *(.debug_info)
 *(.gnu.linkonce.wi.*)

.debug_abbrev
 *(.debug_abbrev)

.debug_line
 *(.debug_line)

.debug_frame
 *(.debug_frame)

.debug_str
 *(.debug_str)

.debug_loc
 *(.debug_loc)

.debug_macinfo
 *(.debug_macinfo)
OUTPUT(v6z1.elf elf32-avr)
LOAD linker stubs
